[INFO] Scanning for projects...
[INFO] 
[INFO] -----------------------< com.civicpulse:backend >-----------------------
[INFO] Building civicpulse-backend 0.0.1-SNAPSHOT
[INFO]   from pom.xml
[INFO] --------------------------------[ jar ]---------------------------------
[INFO] 
[INFO] >>> spring-boot:3.4.3:run (default-cli) > test-compile @ backend >>>
[INFO] 
[INFO] --- resources:3.3.1:resources (default-resources) @ backend ---
[INFO] Copying 1 resource from src\main\resources to target\classes
[INFO] Copying 1 resource from src\main\resources to target\classes
[INFO] 
[INFO] --- compiler:3.13.0:compile (default-compile) @ backend ---
[INFO] Nothing to compile - all classes are up to date.
[INFO] 
[INFO] --- resources:3.3.1:testResources (default-testResources) @ backend ---
[INFO] skip non existing resourceDirectory C:\Users\tejas\OneDrive\Desktop\civicpulse\civicpulse-backend\src\test\resources
[INFO] 
[INFO] --- compiler:3.13.0:testCompile (default-testCompile) @ backend ---
[INFO] Nothing to compile - all classes are up to date.
[INFO] 
[INFO] <<< spring-boot:3.4.3:run (default-cli) < test-compile @ backend <<<
[INFO] 
[INFO] 
[INFO] --- spring-boot:3.4.3:run (default-cli) @ backend ---
[INFO] Attaching agents: []

  .   ____          _            __ _ _
 /\\ / ___'_ __ _ _(_)_ __  __ _ \ \ \ \
( ( )\___ | '_ | '_| | '_ \/ _` | \ \ \ \
 \\/  ___)| |_)| | | | | || (_| |  ) ) ) )
  '  |____| .__|_| |_|_| |_\__, | / / / /
 =========|_|==============|___/=/_/_/_/

 :: Spring Boot ::                (v3.4.3)

2026-04-04T10:17:15.321+05:30  INFO 16660 --- [civicpulse-backend] [           main] c.c.b.CivicpulseBackendApplication       : Starting CivicpulseBackendApplication using Java 21.0.10 with PID 16660 (C:\Users\tejas\OneDrive\Desktop\civicpulse\civicpulse-backend\target\classes started by tejas in C:\Users\tejas\OneDrive\Desktop\civicpulse\civicpulse-backend)
2026-04-04T10:17:15.324+05:30  INFO 16660 --- [civicpulse-backend] [           main] c.c.b.CivicpulseBackendApplication       : No active profile set, falling back to 1 default profile: "default"
2026-04-04T10:17:16.125+05:30  INFO 16660 --- [civicpulse-backend] [           main] .s.d.r.c.RepositoryConfigurationDelegate : Bootstrapping Spring Data JPA repositories in DEFAULT mode.
2026-04-04T10:17:16.208+05:30  INFO 16660 --- [civicpulse-backend] [           main] .s.d.r.c.RepositoryConfigurationDelegate : Finished Spring Data repository scanning in 73 ms. Found 5 JPA repository interfaces.
2026-04-04T10:17:16.838+05:30  INFO 16660 --- [civicpulse-backend] [           main] o.s.b.w.embedded.tomcat.TomcatWebServer  : Tomcat initialized with port 8080 (http)
2026-04-04T10:17:16.846+05:30  INFO 16660 --- [civicpulse-backend] [           main] o.apache.catalina.core.StandardService   : Starting service [Tomcat]
2026-04-04T10:17:16.846+05:30  INFO 16660 --- [civicpulse-backend] [           main] o.apache.catalina.core.StandardEngine    : Starting Servlet engine: [Apache Tomcat/10.1.36]
2026-04-04T10:17:16.896+05:30  INFO 16660 --- [civicpulse-backend] [           main] o.a.c.c.C.[Tomcat].[localhost].[/]       : Initializing Spring embedded WebApplicationContext
2026-04-04T10:17:16.896+05:30  INFO 16660 --- [civicpulse-backend] [           main] w.s.c.ServletWebServerApplicationContext : Root WebApplicationContext: initialization completed in 1528 ms
2026-04-04T10:17:17.025+05:30  INFO 16660 --- [civicpulse-backend] [           main] o.hibernate.jpa.internal.util.LogHelper  : HHH000204: Processing PersistenceUnitInfo [name: default]
2026-04-04T10:17:17.067+05:30  INFO 16660 --- [civicpulse-backend] [           main] org.hibernate.Version                    : HHH000412: Hibernate ORM core version 6.6.8.Final
2026-04-04T10:17:17.098+05:30  INFO 16660 --- [civicpulse-backend] [           main] o.h.c.internal.RegionFactoryInitiator    : HHH000026: Second-level cache disabled
2026-04-04T10:17:17.315+05:30  INFO 16660 --- [civicpulse-backend] [           main] o.s.o.j.p.SpringPersistenceUnitInfo      : No LoadTimeWeaver setup: ignoring JPA class transformer
2026-04-04T10:17:17.340+05:30  INFO 16660 --- [civicpulse-backend] [           main] com.zaxxer.hikari.HikariDataSource       : HikariPool-1 - Starting...
2026-04-04T10:17:17.535+05:30  INFO 16660 --- [civicpulse-backend] [           main] com.zaxxer.hikari.pool.HikariPool        : HikariPool-1 - Added connection conn0: url=jdbc:h2:file:./data/civicpulse user=SA
2026-04-04T10:17:17.537+05:30  INFO 16660 --- [civicpulse-backend] [           main] com.zaxxer.hikari.HikariDataSource       : HikariPool-1 - Start completed.
2026-04-04T10:17:17.556+05:30  WARN 16660 --- [civicpulse-backend] [           main] org.hibernate.orm.deprecation            : HHH90000025: H2Dialect does not need to be specified explicitly using 'hibernate.dialect' (remove the property setting and it will be selected by default)
2026-04-04T10:17:17.572+05:30  INFO 16660 --- [civicpulse-backend] [           main] org.hibernate.orm.connections.pooling    : HHH10001005: Database info:
	Database JDBC URL [Connecting through datasource 'HikariDataSource (HikariPool-1)']
	Database driver: undefined/unknown
	Database version: 2.3.232
	Autocommit mode: undefined/unknown
	Isolation level: undefined/unknown
	Minimum pool size: undefined/unknown
	Maximum pool size: undefined/unknown
2026-04-04T10:17:18.497+05:30  INFO 16660 --- [civicpulse-backend] [           main] o.h.e.t.j.p.i.JtaPlatformInitiator       : HHH000489: No JTA platform available (set 'hibernate.transaction.jta.platform' to enable JTA platform integration)
2026-04-04T10:17:18.557+05:30  INFO 16660 --- [civicpulse-backend] [           main] j.LocalContainerEntityManagerFactoryBean : Initialized JPA EntityManagerFactory for persistence unit 'default'
2026-04-04T10:17:18.803+05:30  INFO 16660 --- [civicpulse-backend] [           main] o.s.d.j.r.query.QueryEnhancerFactory     : Hibernate is in classpath; If applicable, HQL parser will be used.
2026-04-04T10:17:20.324+05:30  WARN 16660 --- [civicpulse-backend] [           main] JpaBaseConfiguration$JpaWebConfiguration : spring.jpa.open-in-view is enabled by default. Therefore, database queries may be performed during view rendering. Explicitly configure spring.jpa.open-in-view to disable this warning
2026-04-04T10:17:20.347+05:30  WARN 16660 --- [civicpulse-backend] [           main] .s.s.UserDetailsServiceAutoConfiguration : 

Using generated security password: 139ec0a4-3c9f-49e7-a560-88d5d10e085a

This generated password is for development use only. Your security configuration must be updated before running your application in production.

2026-04-04T10:17:20.354+05:30  INFO 16660 --- [civicpulse-backend] [           main] r$InitializeUserDetailsManagerConfigurer : Global AuthenticationManager configured with UserDetailsService bean with name inMemoryUserDetailsManager
2026-04-04T10:17:20.815+05:30  INFO 16660 --- [civicpulse-backend] [           main] o.s.b.a.h2.H2ConsoleAutoConfiguration    : H2 console available at '/h2-console'. Database available at 'jdbc:h2:file:./data/civicpulse'
2026-04-04T10:17:20.887+05:30  INFO 16660 --- [civicpulse-backend] [           main] o.s.b.w.embedded.tomcat.TomcatWebServer  : Tomcat started on port 8080 (http) with context path '/'
2026-04-04T10:17:20.894+05:30  INFO 16660 --- [civicpulse-backend] [           main] c.c.b.CivicpulseBackendApplication       : Started CivicpulseBackendApplication in 6.004 seconds (process running for 6.45)
2026-04-04T10:18:10.255+05:30  INFO 16660 --- [civicpulse-backend] [nio-8080-exec-1] o.a.c.c.C.[Tomcat].[localhost].[/]       : Initializing Spring DispatcherServlet 'dispatcherServlet'
2026-04-04T10:18:10.255+05:30  INFO 16660 --- [civicpulse-backend] [nio-8080-exec-1] o.s.web.servlet.DispatcherServlet        : Initializing Servlet 'dispatcherServlet'
2026-04-04T10:18:10.256+05:30  INFO 16660 --- [civicpulse-backend] [nio-8080-exec-1] o.s.web.servlet.DispatcherServlet        : Completed initialization in 1 ms
2026-04-04T10:18:20.176+05:30  INFO 16660 --- [civicpulse-backend] [ionShutdownHook] o.s.b.w.e.tomcat.GracefulShutdown        : Commencing graceful shutdown. Waiting for active requests to complete
2026-04-04T10:18:20.188+05:30  INFO 16660 --- [civicpulse-backend] [tomcat-shutdown] o.s.b.w.e.tomcat.GracefulShutdown        : Graceful shutdown complete
2026-04-04T10:18:20.195+05:30  INFO 16660 --- [civicpulse-backend] [ionShutdownHook] j.LocalContainerEntityManagerFactoryBean : Closing JPA EntityManagerFactory for persistence unit 'default'
2026-04-04T10:18:20.198+05:30  INFO 16660 --- [civicpulse-backend] [ionShutdownHook] com.zaxxer.hikari.HikariDataSource       : HikariPool-1 - Shutdown initiated...
2026-04-04T10:18:20.249+05:30  INFO 16660 --- [civicpulse-backend] [ionShutdownHook] com.zaxxer.hikari.HikariDataSource       : HikariPool-1 - Shutdown completed.
[INFO] ------------------------------------------------------------------------
[INFO] BUILD SUCCESS
[INFO] ------------------------------------------------------------------------
[INFO] Total time:  01:08 min
[INFO] Finished at: 2026-04-04T10:18:20+05:30
[INFO] ------------------------------------------------------------------------
Terminate batch job (Y/N)? 