[INFO] Scanning for projects...
[INFO] 
[INFO] -----------------------< com.civicpulse:backend >-----------------------
[INFO] Building civicpulse-backend 0.0.1-SNAPSHOT
[INFO]   from pom.xml
[INFO] --------------------------------[ jar ]---------------------------------
[INFO] 
[INFO] --- resources:3.3.1:resources (default-resources) @ backend ---
[INFO] Copying 1 resource from src\main\resources to target\classes
[INFO] Copying 1 resource from src\main\resources to target\classes
[INFO] 
[INFO] --- compiler:3.13.0:compile (default-compile) @ backend ---
[INFO] Recompiling the module because of changed source code.
[INFO] Compiling 39 source files with javac [debug parameters release 17] to target\classes
[INFO] /C:/Users/tejas/OneDrive/Desktop/civicpulse/civicpulse-backend/src/main/java/com/civicpulse/backend/service/AIService.java: C:\Users\tejas\OneDrive\Desktop\civicpulse\civicpulse-backend\src\main\java\com\civicpulse\backend\service\AIService.java uses unchecked or unsafe operations.
[INFO] /C:/Users/tejas/OneDrive/Desktop/civicpulse/civicpulse-backend/src/main/java/com/civicpulse/backend/service/AIService.java: Recompile with -Xlint:unchecked for details.
[INFO] ------------------------------------------------------------------------
[INFO] BUILD SUCCESS
[INFO] ------------------------------------------------------------------------
[INFO] Total time:  7.390 s
[INFO] Finished at: 2026-04-04T09:04:05+05:30
[INFO] ------------------------------------------------------------------------
